// Jest Snapshot v1, https://goo.gl/fbAQLP

exports[`renders correctly 1`] = `
<View>
  <Text
    allowFontScaling={false}
    style={
      Array [
        Object {
          "color": "white",
          "fontSize": 30,
        },
        undefined,
        Object {
          "fontFamily": "Material Design Icons",
          "fontStyle": "normal",
          "fontWeight": "normal",
        },
        Object {},
      ]
    }
  >
    ó°†´
  </Text>
</View>
`;
