// Jest Snapshot v1, https://goo.gl/fbAQLP

exports[`renders correctly 1`] = `
<RCTScrollView
  style={
    Object {
      "alignContent": "center",
      "alignSelf": "center",
      "padding": 10,
    }
  }
>
  <View>
    <View
      accessible={true}
      collapsable={false}
      focusable={true}
      nativeID="animatedComponent"
      onClick={[Function]}
      onResponderGrant={[Function]}
      onResponderMove={[Function]}
      onResponderRelease={[Function]}
      onResponderTerminate={[Function]}
      onResponderTerminationRequest={[Function]}
      onStartShouldSetResponder={[Function]}
      style={
        Object {
          "opacity": 1,
        }
      }
    >
      <Text
        style={
          Object {
            "alignSelf": "center",
            "color": "rgb(84, 75, 63)",
            "flexWrap": "wrap",
            "fontSize": 15,
          }
        }
      >
        Bartholomew JoJo "Bart" Simpson 
      </Text>
    </View>
    <Modal
      animationType="slide"
      hardwareAccelerated={false}
      onRequestClose={[Function]}
      transparent={true}
      visible={false}
    >
      <View
        style={
          Object {
            "alignItems": "center",
            "alignSelf": "center",
            "backgroundColor": "white",
            "borderBottomWidth": 2,
            "borderColor": "gray",
            "borderRadius": 30,
            "borderRightWidth": 2,
            "height": 350,
            "justifyContent": "center",
            "padding": 30,
            "position": "absolute",
            "top": 50,
            "width": "90%",
          }
        }
      >
        <Text>
           About: 
        </Text>
        <TextInput
          multiline={true}
          numberOfLines={10}
          onChangeText={[Function]}
          style={
            Object {
              "borderColor": "lightgray",
              "borderWidth": 1,
              "width": "90%",
            }
          }
          value="Bartholomew JoJo \\"Bart\\" Simpson "
        />
        <View
          style={
            Object {
              "flexDirection": "row",
            }
          }
        >
          <View
            accessible={true}
            collapsable={false}
            focusable={true}
            nativeID="animatedComponent"
            onClick={[Function]}
            onResponderGrant={[Function]}
            onResponderMove={[Function]}
            onResponderRelease={[Function]}
            onResponderTerminate={[Function]}
            onResponderTerminationRequest={[Function]}
            onStartShouldSetResponder={[Function]}
            style={
              Object {
                "alignItems": "center",
                "borderColor": "gray",
                "borderLeftWidth": 2,
                "borderRadius": 30,
                "borderRightWidth": 2,
                "borderTopWidth": 2,
                "marginTop": 30,
                "opacity": 1,
                "padding": 10,
                "width": "50%",
              }
            }
          >
            <Text>
               Change About 
            </Text>
          </View>
          <View
            accessible={true}
            collapsable={false}
            focusable={true}
            nativeID="animatedComponent"
            onClick={[Function]}
            onResponderGrant={[Function]}
            onResponderMove={[Function]}
            onResponderRelease={[Function]}
            onResponderTerminate={[Function]}
            onResponderTerminationRequest={[Function]}
            onStartShouldSetResponder={[Function]}
            style={
              Object {
                "alignItems": "center",
                "borderColor": "gray",
                "borderLeftWidth": 2,
                "borderRadius": 30,
                "borderRightWidth": 2,
                "borderTopWidth": 2,
                "marginTop": 30,
                "opacity": 1,
                "padding": 10,
                "width": "50%",
              }
            }
          >
            <Text>
               Cancel 
            </Text>
          </View>
        </View>
      </View>
    </Modal>
  </View>
</RCTScrollView>
`;
